------------------------------------------------------------
TimeQuest Timing Analyzer Summary
------------------------------------------------------------

Type  : Slow 1200mV 85C Model Setup 'CLOCK_50'
Slack : -4.124
TNS   : -66.281

Type  : Slow 1200mV 85C Model Setup 'divisor:inst6|clkOut'
Slack : -2.272
TNS   : -28.784

Type  : Slow 1200mV 85C Model Hold 'CLOCK_50'
Slack : 0.403
TNS   : 0.000

Type  : Slow 1200mV 85C Model Hold 'divisor:inst6|clkOut'
Slack : 0.403
TNS   : 0.000

Type  : Slow 1200mV 85C Model Minimum Pulse Width 'CLOCK_50'
Slack : -3.000
TNS   : -49.260

Type  : Slow 1200mV 85C Model Minimum Pulse Width 'divisor:inst6|clkOut'
Slack : -1.285
TNS   : -17.990

Type  : Slow 1200mV 0C Model Setup 'CLOCK_50'
Slack : -3.747
TNS   : -56.155

Type  : Slow 1200mV 0C Model Setup 'divisor:inst6|clkOut'
Slack : -2.004
TNS   : -25.085

Type  : Slow 1200mV 0C Model Hold 'CLOCK_50'
Slack : 0.354
TNS   : 0.000

Type  : Slow 1200mV 0C Model Hold 'divisor:inst6|clkOut'
Slack : 0.355
TNS   : 0.000

Type  : Slow 1200mV 0C Model Minimum Pulse Width 'CLOCK_50'
Slack : -3.000
TNS   : -49.260

Type  : Slow 1200mV 0C Model Minimum Pulse Width 'divisor:inst6|clkOut'
Slack : -1.285
TNS   : -17.990

Type  : Fast 1200mV 0C Model Setup 'CLOCK_50'
Slack : -1.569
TNS   : -16.167

Type  : Fast 1200mV 0C Model Setup 'divisor:inst6|clkOut'
Slack : -0.563
TNS   : -6.502

Type  : Fast 1200mV 0C Model Hold 'CLOCK_50'
Slack : 0.182
TNS   : 0.000

Type  : Fast 1200mV 0C Model Hold 'divisor:inst6|clkOut'
Slack : 0.182
TNS   : 0.000

Type  : Fast 1200mV 0C Model Minimum Pulse Width 'CLOCK_50'
Slack : -3.000
TNS   : -41.242

Type  : Fast 1200mV 0C Model Minimum Pulse Width 'divisor:inst6|clkOut'
Slack : -1.000
TNS   : -14.000

------------------------------------------------------------
